
There are no discarded input sections

Memory Configuration

Name             Origin             Length             Attributes
IMEM             0x00000000         0x00008000         xr!w
DMEM             0x10000000         0x00008000         rw!x
*default*        0x00000000         0xffffffff

Linker script and memory map

                0x00000400                        _HEAP_SIZE = 0x400
                0x00000200                        _STACK_SIZE = 0x200
                0x00000000                        . = ORIGIN (IMEM)

.text           0x00000000      0x2a4
                0x00000000                        _text_start = .
 *(.text .text.*)
 .text          0x00000000       0x74 /tmp/ccUiyP9J.o
                0x00000000                _boot_crt
 .text          0x00000074       0x78 /tmp/cckZUPZ4.ltrans0.ltrans.o
                0x000000a8                memset
                0x000000c8                memcpy
 .text.startup  0x000000ec      0x1a8 /tmp/cckZUPZ4.ltrans0.ltrans.o
                0x000000ec                main
 *(.rodata .rodata.*)
 .rodata.str1.4
                0x00000294        0xf /tmp/cckZUPZ4.ltrans0.ltrans.o
 *(.srodata .srodata.*)
                0x000002a4                        . = ALIGN (0x4)
 *fill*         0x000002a3        0x1 
                0x000002a4                        _text_end = .
                0x000002a4                        _idata_start = _text_end

.rela.dyn       0x00000000        0x0
 .rela.text     0x00000000        0x0 /tmp/ccUiyP9J.o

.data           0x10000000        0x0 load address 0x000002a4
                0x10000000                        _data_start = .
 *(.data .data.*)
 .data          0x10000000        0x0 /tmp/ccUiyP9J.o
 .data          0x10000000        0x0 /tmp/cckZUPZ4.ltrans0.ltrans.o
                0x10000000                        . = ALIGN (0x8)
                0x10000800                        PROVIDE (__global_pointer$ = (. + 0x800))
 *(.sdata .sdata.*)
                0x10000000                        . = ALIGN (0x4)
                0x10000000                        _data_end = .

.bss            0x10000000     0x1804 load address 0x000002a4
                0x10000000                        _bss_start = .
 *(.bss .bss.*)
 .bss           0x10000000        0x0 /tmp/ccUiyP9J.o
 .bss           0x10000000     0x1800 /tmp/cckZUPZ4.ltrans0.ltrans.o
 *(.sbss .sbss.*)
 .sbss          0x10001800        0x4 /tmp/cckZUPZ4.ltrans0.ltrans.o
 *(COMMON)
                0x10001804                        . = ALIGN (0x4)
                0x10001804                        _bss_end = .
                0x10001810                        . = ALIGN (0x10)

.heap           0x10001804      0x40c load address 0x00001aa8
                0x10001804                        _heap_start = .
                0x10001c04                        . = (. + _HEAP_SIZE)
 *fill*         0x10001804      0x400 
                0x10001c10                        . = ALIGN (0x10)
 *fill*         0x10001c04        0xc 
                0x10001c10                        _heap_end = .
                0x10001c10                        . = ALIGN (0x8)
                [!provide]                        PROVIDE (_end = .)
                [!provide]                        PROVIDE (end = .)
                0x10008000                        PROVIDE (_stack_start = (ORIGIN (DMEM) + LENGTH (DMEM)))

.stack          0x10007e00      0x200
                0x10008000                        . = (. + _STACK_SIZE)
 *fill*         0x10007e00      0x200 
                0x10007e00                        _stack_end = (_stack_start - SIZEOF (.stack))
LOAD /tmp/ccUiyP9J.o
LOAD /tmp/ccTiyqr9.o
LOAD /tmp/cckZUPZ4.ltrans0.ltrans.o
LOAD /tmp/ccEICd5E.o
LOAD /tmp/cc7nvqTu.o
LOAD /tmp/ccGw21K2.o
LOAD /usr/lib/gcc/riscv64-unknown-elf/13.2.0/rv32i/ilp32/libgcc.a
OUTPUT(/home/nikola/Documents/GitHub/uberClock/3.miniac/3.build/sw_build/main.elf elf32-littleriscv)

.riscv.attributes
                0x00000000       0x1c
 .riscv.attributes
                0x00000000       0x1a /tmp/ccUiyP9J.o
 .riscv.attributes
                0x0000001a       0x1c /tmp/cckZUPZ4.ltrans0.ltrans.o

.comment        0x00000000       0x22
 .comment       0x00000000       0x22 /tmp/cckZUPZ4.ltrans0.ltrans.o
                                 0x23 (size before relaxing)
